deno : [0m[32mTask[0m [0m[36mfmt:check[0m deno fmt --check
At line:1 char:1
+ deno task ci > ci.log 2>&1
+ ~~~~~~~~~~~~~~~~~~~~~~~~~~
    + CategoryInfo          : NotSpecified: ([0m[32mTask[...eno fmt --check:String) [], RemoteException
    + FullyQualifiedErrorId : NativeCommandError
 
Checked 61 files
[0m[32mTask[0m [0m[36mlint[0m deno lint
[0m[1m[31merror[no-unused-vars][0m: [0m[1m`existingDataCheck` is never used[0m
  [0m[38;5;12m-->[0m 
[0m[36mC:\Users\ethan\Documents\GitHub\wazoo-worlds\examples\harry-potter-book-series\main.ts[0m[0m[33m:29:9[0m
  [0m[38;5;12m | [0m
[0m[38;5;12m29 | [0m  const existingDataCheck = await client.sparql({
  [0m[38;5;12m | [0m        [0m[1m[31m^^^^^^^^^^^^^^^^^[0m
   [0m[38;5;12m=[0m [0m[1mhint[0m: If this is intentional, prefix it with an underscore like `_existingDataCheck`

  [0m[38;5;12mdocs[0m: https://docs.deno.com/lint/rules/no-unused-vars


[0m[32mTask[0m [0m[36mcheck[0m deno check
[0m[32mTask[0m [0m[36mtest[0m deno test --allow-all
Found 1 problem
Checked 51 files
